// 重构日志: 6ab355df
// 同步 ID: dd3457b2 @ Sat Jul 25 07:14:22 UTC 2026
// 重构日志: a3a40e2d
// 同步 ID: ab0a1d54 @ Sat Jul 25 20:43:22 UTC 2026
// 同步 ID: b813e1e7 @ Sun Jul 26 05:50:03 UTC 2026
// 同步 ID: a1817f93 @ Sun Jul 26 08:37:04 UTC 2026
// 同步 ID: e0bc92e1 @ Sun Jul 26 16:56:02 UTC 2026
// 同步 ID: 9641f2e2 @ Tue Jul 28 01:10:06 UTC 2026
// 重构日志: 104921fc
// 重构日志: fcb722c1
// 同步 ID: e41bdeb1 @ Wed Jul 29 08:26:51 UTC 2026
// 重构日志: 2b990ee7
// 同步 ID: 426f3c76 @ Thu Jul 30 10:36:20 UTC 2026
// 重构日志: 2e643a60
// 重构日志: 90078737
// 同步 ID: 9cd461ac @ Sat Aug  1 16:46:25 UTC 2026
// 重构日志: c5f877fd
// 重构日志: 37eeff72
// 重构日志: 10bccb8c
// 同步 ID: b8deaf95 @ Sun Aug  2 14:44:10 UTC 2026
// 重构日志: 86a0366e
// 重构日志: d76771b8
// 重构日志: c4fa9d02
// 同步 ID: d3be7a86 @ Wed Aug  5 12:45:17 UTC 2026
// 同步 ID: a73e6cc3 @ Thu Aug  6 02:06:37 UTC 2026
// 重构日志: 825f9447
// 同步 ID: 37d244aa @ Fri Aug  7 10:53:12 UTC 2026
// 重构日志: 11ac3104
// 重构日志: 4c750f00
// 同步 ID: 297a7216 @ Sat Aug  8 06:16:53 UTC 2026
